2026-08-17 15:15:00,850 - aqt.helper - DEBUG - helper 20064 Attempt to download checksum at https://download.qt.io/online/qtsdkrepository/windows_x86/desktop/qt6_663/Updates.xml.sha256
2026-08-17 15:15:01,794 - aqt.helper - DEBUG - helper 20064 Attempt to download checksum at https://download.qt.io/online/qtsdkrepository/windows_x86/desktop/qt6_663_wasm_singlethread/Updates.xml.sha256
2026-08-17 15:15:02,697 - aqt.helper - DEBUG - helper 20064 Attempt to download checksum at https://download.qt.io/online/qtsdkrepository/windows_x86/desktop/qt6_663_wasm_multithread/Updates.xml.sha256
2026-08-17 15:15:04,252 - aqt.helper - DEBUG - helper 35604 Attempt to download checksum at https://download.qt.io/online/qtsdkrepository/windows_x86/desktop/qt6_653/Updates.xml.sha256
2026-08-17 15:15:05,134 - aqt.helper - DEBUG - helper 35604 Attempt to download checksum at https://download.qt.io/online/qtsdkrepository/windows_x86/desktop/qt6_653_wasm_singlethread/Updates.xml.sha256
2026-08-17 15:15:05,967 - aqt.helper - DEBUG - helper 35604 Attempt to download checksum at https://download.qt.io/online/qtsdkrepository/windows_x86/desktop/qt6_653_wasm_multithread/Updates.xml.sha256
2026-08-17 15:15:34,393 - aqt.main - INFO - installer 17896 aqtinstall(aqt) v3.3.0 on Python 3.14.2 [CPython MSC v.1944 64 bit (AMD64)]
2026-08-17 15:15:34,393 - aqt.helper - DEBUG - helper 17896 Attempt to download checksum at https://download.qt.io/online/qtsdkrepository/windows_x86/desktop/qt6_663/Updates.xml.sha256
2026-08-17 15:15:35,299 - aqt.main - ERROR - installer 17896 The packages ['qtbase', 'qtsvg'] were not found while parsing XML of package information!
==============================Suggested follow-up:==============================
* Please use 'aqt list-qt windows desktop --modules 6.6.3 <arch>' to show modules available.
2026-08-17 15:15:39,495 - aqt.helper - DEBUG - helper 35272 Attempt to download checksum at https://download.qt.io/online/qtsdkrepository/windows_x86/desktop/qt6_663/Updates.xml.sha256
2026-08-17 15:15:46,979 - aqt.main - INFO - installer 34628 aqtinstall(aqt) v3.3.0 on Python 3.14.2 [CPython MSC v.1944 64 bit (AMD64)]
2026-08-17 15:15:46,980 - aqt.helper - DEBUG - helper 34628 Attempt to download checksum at https://download.qt.io/online/qtsdkrepository/windows_x86/desktop/qt6_663/Updates.xml.sha256
2026-08-17 15:15:48,825 - aqt.helper - DEBUG - helper 34400 Attempt to download checksum at https://download.qt.io/online/qtsdkrepository/windows_x86/desktop/qt6_663/qt.qt6.663.addons.qtimageformats.win64_msvc2019_64/6.6.3-0-202403191840qtimageformats-Windows-Windows_10_22H2-MSVC2019-Windows-Windows_10_22H2-X86_64.7z.sha256
2026-08-17 15:15:48,826 - aqt.helper - DEBUG - helper 30344 Attempt to download checksum at https://download.qt.io/online/qtsdkrepository/windows_x86/desktop/qt6_663/qt.qt6.663.addons.qtnetworkauth.win64_msvc2019_64/6.6.3-0-202403191840qtnetworkauth-Windows-Windows_10_22H2-MSVC2019-Windows-Windows_10_22H2-X86_64.7z.sha256
2026-08-17 15:15:48,829 - aqt.helper - DEBUG - helper 17932 Attempt to download checksum at https://download.qt.io/online/qtsdkrepository/windows_x86/desktop/qt6_663/qt.qt6.663.qt5compat.win64_msvc2019_64/6.6.3-0-202403191840qt5compat-Windows-Windows_10_22H2-MSVC2019-Windows-Windows_10_22H2-X86_64.7z.sha256
2026-08-17 15:15:48,835 - aqt.helper - DEBUG - helper 6060 Attempt to download checksum at https://download.qt.io/online/qtsdkrepository/windows_x86/desktop/qt6_663/qt.qt6.663.win64_msvc2019_64/6.6.3-0-202403191840qtbase-Windows-Windows_10_22H2-MSVC2019-Windows-Windows_10_22H2-X86_64.7z.sha256
2026-08-17 15:15:49,423 - aqt.helper - INFO - helper 30344 Downloading qtnetworkauth...
2026-08-17 15:15:49,425 - aqt.helper - INFO - helper 17932 Downloading qt5compat...
2026-08-17 15:15:49,427 - aqt.helper - INFO - helper 34400 Downloading qtimageformats...
2026-08-17 15:15:49,423 - aqt.installer - DEBUG - installer 30344 Download URL: https://download.qt.io/online/qtsdkrepository/windows_x86/desktop/qt6_663/qt.qt6.663.addons.qtnetworkauth.win64_msvc2019_64/6.6.3-0-202403191840qtnetworkauth-Windows-Windows_10_22H2-MSVC2019-Windows-Windows_10_22H2-X86_64.7z
2026-08-17 15:15:49,425 - aqt.installer - DEBUG - installer 17932 Download URL: https://download.qt.io/online/qtsdkrepository/windows_x86/desktop/qt6_663/qt.qt6.663.qt5compat.win64_msvc2019_64/6.6.3-0-202403191840qt5compat-Windows-Windows_10_22H2-MSVC2019-Windows-Windows_10_22H2-X86_64.7z
2026-08-17 15:15:49,427 - aqt.installer - DEBUG - installer 34400 Download URL: https://download.qt.io/online/qtsdkrepository/windows_x86/desktop/qt6_663/qt.qt6.663.addons.qtimageformats.win64_msvc2019_64/6.6.3-0-202403191840qtimageformats-Windows-Windows_10_22H2-MSVC2019-Windows-Windows_10_22H2-X86_64.7z
2026-08-17 15:15:49,461 - aqt.helper - INFO - helper 6060 Downloading qtbase...
2026-08-17 15:15:49,461 - aqt.installer - DEBUG - installer 6060 Download URL: https://download.qt.io/online/qtsdkrepository/windows_x86/desktop/qt6_663/qt.qt6.663.win64_msvc2019_64/6.6.3-0-202403191840qtbase-Windows-Windows_10_22H2-MSVC2019-Windows-Windows_10_22H2-X86_64.7z
2026-08-17 15:15:49,984 - aqt.helper - DEBUG - helper 17932 Asked to redirect(302) to: https://ftp.fau.de/qtproject/online/qtsdkrepository/windows_x86/desktop/qt6_663/qt.qt6.663.qt5compat.win64_msvc2019_64/6.6.3-0-202403191840qt5compat-Windows-Windows_10_22H2-MSVC2019-Windows-Windows_10_22H2-X86_64.7z
2026-08-17 15:15:49,984 - aqt.helper - INFO - helper 17932 Redirected: ftp.fau.de
2026-08-17 15:15:50,012 - aqt.helper - DEBUG - helper 30344 Asked to redirect(302) to: https://ftp.fau.de/qtproject/online/qtsdkrepository/windows_x86/desktop/qt6_663/qt.qt6.663.addons.qtnetworkauth.win64_msvc2019_64/6.6.3-0-202403191840qtnetworkauth-Windows-Windows_10_22H2-MSVC2019-Windows-Windows_10_22H2-X86_64.7z
2026-08-17 15:15:50,012 - aqt.helper - INFO - helper 30344 Redirected: ftp.fau.de
2026-08-17 15:15:50,030 - aqt.helper - DEBUG - helper 34400 Asked to redirect(302) to: https://ftp.fau.de/qtproject/online/qtsdkrepository/windows_x86/desktop/qt6_663/qt.qt6.663.addons.qtimageformats.win64_msvc2019_64/6.6.3-0-202403191840qtimageformats-Windows-Windows_10_22H2-MSVC2019-Windows-Windows_10_22H2-X86_64.7z
2026-08-17 15:15:50,030 - aqt.helper - INFO - helper 34400 Redirected: ftp.fau.de
2026-08-17 15:15:50,038 - aqt.helper - DEBUG - helper 6060 Asked to redirect(302) to: https://ftp.fau.de/qtproject/online/qtsdkrepository/windows_x86/desktop/qt6_663/qt.qt6.663.win64_msvc2019_64/6.6.3-0-202403191840qtbase-Windows-Windows_10_22H2-MSVC2019-Windows-Windows_10_22H2-X86_64.7z
2026-08-17 15:15:50,038 - aqt.helper - INFO - helper 6060 Redirected: ftp.fau.de
2026-08-17 15:15:50,686 - aqt.installer - INFO - installer 30344 Finished installation of qtnetworkauth-Windows-Windows_10_22H2-MSVC2019-Windows-Windows_10_22H2-X86_64.7z in 1.86163840
2026-08-17 15:15:50,700 - aqt.helper - DEBUG - helper 30344 Attempt to download checksum at https://download.qt.io/online/qtsdkrepository/windows_x86/desktop/qt6_663/qt.qt6.663.win64_msvc2019_64/6.6.3-0-202403191840qtsvg-Windows-Windows_10_22H2-MSVC2019-Windows-Windows_10_22H2-X86_64.7z.sha256
2026-08-17 15:15:50,902 - aqt.installer - INFO - installer 34400 Finished installation of qtimageformats-Windows-Windows_10_22H2-MSVC2019-Windows-Windows_10_22H2-X86_64.7z in 2.07906470
2026-08-17 15:15:50,918 - aqt.helper - DEBUG - helper 34400 Attempt to download checksum at https://download.qt.io/online/qtsdkrepository/windows_x86/desktop/qt6_663/qt.qt6.663.win64_msvc2019_64/6.6.3-0-202403191840qtdeclarative-Windows-Windows_10_22H2-MSVC2019-Windows-Windows_10_22H2-X86_64.7z.sha256
2026-08-17 15:15:51,115 - aqt.installer - INFO - installer 17932 Finished installation of qt5compat-Windows-Windows_10_22H2-MSVC2019-Windows-Windows_10_22H2-X86_64.7z in 2.28921380
2026-08-17 15:15:51,128 - aqt.helper - DEBUG - helper 17932 Attempt to download checksum at https://download.qt.io/online/qtsdkrepository/windows_x86/desktop/qt6_663/qt.qt6.663.win64_msvc2019_64/6.6.3-0-202403191840qttools-Windows-Windows_10_22H2-MSVC2019-Windows-Windows_10_22H2-X86_64.7z.sha256
2026-08-17 15:15:51,217 - aqt.helper - INFO - helper 30344 Downloading qtsvg...
2026-08-17 15:15:51,217 - aqt.installer - DEBUG - installer 30344 Download URL: https://download.qt.io/online/qtsdkrepository/windows_x86/desktop/qt6_663/qt.qt6.663.win64_msvc2019_64/6.6.3-0-202403191840qtsvg-Windows-Windows_10_22H2-MSVC2019-Windows-Windows_10_22H2-X86_64.7z
2026-08-17 15:15:51,385 - aqt.helper - INFO - helper 34400 Downloading qtdeclarative...
2026-08-17 15:15:51,385 - aqt.installer - DEBUG - installer 34400 Download URL: https://download.qt.io/online/qtsdkrepository/windows_x86/desktop/qt6_663/qt.qt6.663.win64_msvc2019_64/6.6.3-0-202403191840qtdeclarative-Windows-Windows_10_22H2-MSVC2019-Windows-Windows_10_22H2-X86_64.7z
2026-08-17 15:15:51,640 - aqt.helper - INFO - helper 17932 Downloading qttools...
2026-08-17 15:15:51,640 - aqt.installer - DEBUG - installer 17932 Download URL: https://download.qt.io/online/qtsdkrepository/windows_x86/desktop/qt6_663/qt.qt6.663.win64_msvc2019_64/6.6.3-0-202403191840qttools-Windows-Windows_10_22H2-MSVC2019-Windows-Windows_10_22H2-X86_64.7z
2026-08-17 15:15:51,726 - aqt.helper - DEBUG - helper 30344 Asked to redirect(302) to: https://ftp.fau.de/qtproject/online/qtsdkrepository/windows_x86/desktop/qt6_663/qt.qt6.663.win64_msvc2019_64/6.6.3-0-202403191840qtsvg-Windows-Windows_10_22H2-MSVC2019-Windows-Windows_10_22H2-X86_64.7z
2026-08-17 15:15:51,726 - aqt.helper - INFO - helper 30344 Redirected: ftp.fau.de
2026-08-17 15:15:51,876 - aqt.helper - DEBUG - helper 34400 Asked to redirect(302) to: https://ftp.fau.de/qtproject/online/qtsdkrepository/windows_x86/desktop/qt6_663/qt.qt6.663.win64_msvc2019_64/6.6.3-0-202403191840qtdeclarative-Windows-Windows_10_22H2-MSVC2019-Windows-Windows_10_22H2-X86_64.7z
2026-08-17 15:15:51,876 - aqt.helper - INFO - helper 34400 Redirected: ftp.fau.de
2026-08-17 15:15:52,113 - aqt.helper - DEBUG - helper 17932 Asked to redirect(302) to: https://ftp.fau.de/qtproject/online/qtsdkrepository/windows_x86/desktop/qt6_663/qt.qt6.663.win64_msvc2019_64/6.6.3-0-202403191840qttools-Windows-Windows_10_22H2-MSVC2019-Windows-Windows_10_22H2-X86_64.7z
2026-08-17 15:15:52,113 - aqt.helper - INFO - helper 17932 Redirected: ftp.fau.de
2026-08-17 15:15:52,478 - aqt.installer - INFO - installer 30344 Finished installation of qtsvg-Windows-Windows_10_22H2-MSVC2019-Windows-Windows_10_22H2-X86_64.7z in 1.78007130
2026-08-17 15:15:52,491 - aqt.helper - DEBUG - helper 30344 Attempt to download checksum at https://download.qt.io/online/qtsdkrepository/windows_x86/desktop/qt6_663/qt.qt6.663.win64_msvc2019_64/6.6.3-0-202403191840qttranslations-Windows-Windows_10_22H2-MSVC2019-Windows-Windows_10_22H2-X86_64.7z.sha256
2026-08-17 15:15:52,953 - aqt.helper - INFO - helper 30344 Downloading qttranslations...
2026-08-17 15:15:52,953 - aqt.installer - DEBUG - installer 30344 Download URL: https://download.qt.io/online/qtsdkrepository/windows_x86/desktop/qt6_663/qt.qt6.663.win64_msvc2019_64/6.6.3-0-202403191840qttranslations-Windows-Windows_10_22H2-MSVC2019-Windows-Windows_10_22H2-X86_64.7z
2026-08-17 15:15:53,443 - aqt.helper - DEBUG - helper 30344 Asked to redirect(302) to: https://ftp.fau.de/qtproject/online/qtsdkrepository/windows_x86/desktop/qt6_663/qt.qt6.663.win64_msvc2019_64/6.6.3-0-202403191840qttranslations-Windows-Windows_10_22H2-MSVC2019-Windows-Windows_10_22H2-X86_64.7z
2026-08-17 15:15:53,443 - aqt.helper - INFO - helper 30344 Redirected: ftp.fau.de
2026-08-17 15:15:55,137 - aqt.installer - INFO - installer 30344 Finished installation of qttranslations-Windows-Windows_10_22H2-MSVC2019-Windows-Windows_10_22H2-X86_64.7z in 2.64726970
2026-08-17 15:15:55,223 - aqt.helper - DEBUG - helper 30344 Attempt to download checksum at https://download.qt.io/online/qtsdkrepository/windows_x86/desktop/qt6_663/qt.qt6.663.win64_msvc2019_64/6.6.3-0-202403191840d3dcompiler_47-x64.7z.sha256
2026-08-17 15:15:55,720 - aqt.helper - INFO - helper 30344 Downloading d3dcompiler_47...
2026-08-17 15:15:55,720 - aqt.installer - DEBUG - installer 30344 Download URL: https://download.qt.io/online/qtsdkrepository/windows_x86/desktop/qt6_663/qt.qt6.663.win64_msvc2019_64/6.6.3-0-202403191840d3dcompiler_47-x64.7z
2026-08-17 15:15:56,164 - aqt.helper - DEBUG - helper 30344 Asked to redirect(302) to: https://ftp.fau.de/qtproject/online/qtsdkrepository/windows_x86/desktop/qt6_663/qt.qt6.663.win64_msvc2019_64/6.6.3-0-202403191840d3dcompiler_47-x64.7z
2026-08-17 15:15:56,164 - aqt.helper - INFO - helper 30344 Redirected: ftp.fau.de
2026-08-17 15:15:56,766 - aqt.installer - INFO - installer 30344 Finished installation of d3dcompiler_47-x64.7z in 1.54531970
2026-08-17 15:15:57,360 - aqt.helper - DEBUG - helper 33704 Attempt to download checksum at https://download.qt.io/online/qtsdkrepository/windows_x86/desktop/qt6_663/qt.qt6.663.win64_msvc2019_64/6.6.3-0-202403191840opengl32sw-64-mesa_11_2_2-signed_sha256.7z.sha256
2026-08-17 15:15:57,493 - aqt.installer - INFO - installer 17932 Finished installation of qttools-Windows-Windows_10_22H2-MSVC2019-Windows-Windows_10_22H2-X86_64.7z in 6.36705960
2026-08-17 15:15:57,808 - aqt.helper - INFO - helper 33704 Downloading opengl32sw...
2026-08-17 15:15:57,808 - aqt.installer - DEBUG - installer 33704 Download URL: https://download.qt.io/online/qtsdkrepository/windows_x86/desktop/qt6_663/qt.qt6.663.win64_msvc2019_64/6.6.3-0-202403191840opengl32sw-64-mesa_11_2_2-signed_sha256.7z
2026-08-17 15:15:58,332 - aqt.helper - DEBUG - helper 33704 Asked to redirect(302) to: https://ftp.fau.de/qtproject/online/qtsdkrepository/windows_x86/desktop/qt6_663/qt.qt6.663.win64_msvc2019_64/6.6.3-0-202403191840opengl32sw-64-mesa_11_2_2-signed_sha256.7z
2026-08-17 15:15:58,332 - aqt.helper - INFO - helper 33704 Redirected: ftp.fau.de
2026-08-17 15:15:59,758 - aqt.installer - INFO - installer 33704 Finished installation of opengl32sw-64-mesa_11_2_2-signed_sha256.7z in 2.40028130
2026-08-17 15:16:02,155 - aqt.installer - INFO - installer 6060 Finished installation of qtbase-Windows-Windows_10_22H2-MSVC2019-Windows-Windows_10_22H2-X86_64.7z in 13.32255380
2026-08-17 15:16:12,592 - aqt.installer - INFO - installer 34400 Finished installation of qtdeclarative-Windows-Windows_10_22H2-MSVC2019-Windows-Windows_10_22H2-X86_64.7z in 21.67680040
2026-08-17 15:16:12,847 - aqt.updater - INFO - updater 34628 Patching C:\Qt\6.6.3\msvc2019_64\bin\qmake.exe
2026-08-17 15:16:12,851 - aqt.updater - INFO - updater 34628 Patching C:\Qt\6.6.3\msvc2019_64\lib\Qt6Concurrent.prl
2026-08-17 15:16:12,852 - aqt.updater - INFO - updater 34628 Patching C:\Qt\6.6.3\msvc2019_64\lib\Qt6Concurrentd.prl
2026-08-17 15:16:12,853 - aqt.updater - INFO - updater 34628 Patching C:\Qt\6.6.3\msvc2019_64\lib\Qt6Core.prl
2026-08-17 15:16:12,853 - aqt.updater - INFO - updater 34628 Patching C:\Qt\6.6.3\msvc2019_64\lib\Qt6Core5Compat.prl
2026-08-17 15:16:12,854 - aqt.updater - INFO - updater 34628 Patching C:\Qt\6.6.3\msvc2019_64\lib\Qt6Core5Compatd.prl
2026-08-17 15:16:12,855 - aqt.updater - INFO - updater 34628 Patching C:\Qt\6.6.3\msvc2019_64\lib\Qt6Cored.prl
2026-08-17 15:16:12,855 - aqt.updater - INFO - updater 34628 Patching C:\Qt\6.6.3\msvc2019_64\lib\Qt6DBus.prl
2026-08-17 15:16:12,856 - aqt.updater - INFO - updater 34628 Patching C:\Qt\6.6.3\msvc2019_64\lib\Qt6DBusd.prl
2026-08-17 15:16:12,856 - aqt.updater - INFO - updater 34628 Patching C:\Qt\6.6.3\msvc2019_64\lib\Qt6Designer.prl
2026-08-17 15:16:12,857 - aqt.updater - INFO - updater 34628 Patching C:\Qt\6.6.3\msvc2019_64\lib\Qt6DesignerComponents.prl
2026-08-17 15:16:12,858 - aqt.updater - INFO - updater 34628 Patching C:\Qt\6.6.3\msvc2019_64\lib\Qt6DesignerComponentsd.prl
2026-08-17 15:16:12,858 - aqt.updater - INFO - updater 34628 Patching C:\Qt\6.6.3\msvc2019_64\lib\Qt6Designerd.prl
2026-08-17 15:16:12,859 - aqt.updater - INFO - updater 34628 Patching C:\Qt\6.6.3\msvc2019_64\lib\Qt6DeviceDiscoverySupport.prl
2026-08-17 15:16:12,860 - aqt.updater - INFO - updater 34628 Patching C:\Qt\6.6.3\msvc2019_64\lib\Qt6DeviceDiscoverySupportd.prl
2026-08-17 15:16:12,860 - aqt.updater - INFO - updater 34628 Patching C:\Qt\6.6.3\msvc2019_64\lib\Qt6EntryPoint.prl
2026-08-17 15:16:12,861 - aqt.updater - INFO - updater 34628 Patching C:\Qt\6.6.3\msvc2019_64\lib\Qt6EntryPointd.prl
2026-08-17 15:16:12,862 - aqt.updater - INFO - updater 34628 Patching C:\Qt\6.6.3\msvc2019_64\lib\Qt6ExampleIcons.prl
2026-08-17 15:16:12,862 - aqt.updater - INFO - updater 34628 Patching C:\Qt\6.6.3\msvc2019_64\lib\Qt6ExampleIconsd.prl
2026-08-17 15:16:12,863 - aqt.updater - INFO - updater 34628 Patching C:\Qt\6.6.3\msvc2019_64\lib\Qt6FbSupport.prl
2026-08-17 15:16:12,864 - aqt.updater - INFO - updater 34628 Patching C:\Qt\6.6.3\msvc2019_64\lib\Qt6FbSupportd.prl
2026-08-17 15:16:12,864 - aqt.updater - INFO - updater 34628 Patching C:\Qt\6.6.3\msvc2019_64\lib\Qt6Gui.prl
2026-08-17 15:16:12,865 - aqt.updater - INFO - updater 34628 Patching C:\Qt\6.6.3\msvc2019_64\lib\Qt6Guid.prl
2026-08-17 15:16:12,866 - aqt.updater - INFO - updater 34628 Patching C:\Qt\6.6.3\msvc2019_64\lib\Qt6Help.prl
2026-08-17 15:16:12,866 - aqt.updater - INFO - updater 34628 Patching C:\Qt\6.6.3\msvc2019_64\lib\Qt6Helpd.prl
2026-08-17 15:16:12,867 - aqt.updater - INFO - updater 34628 Patching C:\Qt\6.6.3\msvc2019_64\lib\Qt6LabsAnimation.prl
2026-08-17 15:16:12,867 - aqt.updater - INFO - updater 34628 Patching C:\Qt\6.6.3\msvc2019_64\lib\Qt6LabsAnimationd.prl
2026-08-17 15:16:12,868 - aqt.updater - INFO - updater 34628 Patching C:\Qt\6.6.3\msvc2019_64\lib\Qt6LabsFolderListModel.prl
2026-08-17 15:16:12,869 - aqt.updater - INFO - updater 34628 Patching C:\Qt\6.6.3\msvc2019_64\lib\Qt6LabsFolderListModeld.prl
2026-08-17 15:16:12,870 - aqt.updater - INFO - updater 34628 Patching C:\Qt\6.6.3\msvc2019_64\lib\Qt6LabsQmlModels.prl
2026-08-17 15:16:12,870 - aqt.updater - INFO - updater 34628 Patching C:\Qt\6.6.3\msvc2019_64\lib\Qt6LabsQmlModelsd.prl
2026-08-17 15:16:12,871 - aqt.updater - INFO - updater 34628 Patching C:\Qt\6.6.3\msvc2019_64\lib\Qt6LabsSettings.prl
2026-08-17 15:16:12,872 - aqt.updater - INFO - updater 34628 Patching C:\Qt\6.6.3\msvc2019_64\lib\Qt6LabsSettingsd.prl
2026-08-17 15:16:12,872 - aqt.updater - INFO - updater 34628 Patching C:\Qt\6.6.3\msvc2019_64\lib\Qt6LabsSharedImage.prl
2026-08-17 15:16:12,873 - aqt.updater - INFO - updater 34628 Patching C:\Qt\6.6.3\msvc2019_64\lib\Qt6LabsSharedImaged.prl
2026-08-17 15:16:12,873 - aqt.updater - INFO - updater 34628 Patching C:\Qt\6.6.3\msvc2019_64\lib\Qt6LabsWavefrontMesh.prl
2026-08-17 15:16:12,874 - aqt.updater - INFO - updater 34628 Patching C:\Qt\6.6.3\msvc2019_64\lib\Qt6LabsWavefrontMeshd.prl
2026-08-17 15:16:12,875 - aqt.updater - INFO - updater 34628 Patching C:\Qt\6.6.3\msvc2019_64\lib\Qt6Network.prl
2026-08-17 15:16:12,876 - aqt.updater - INFO - updater 34628 Patching C:\Qt\6.6.3\msvc2019_64\lib\Qt6NetworkAuth.prl
2026-08-17 15:16:12,876 - aqt.updater - INFO - updater 34628 Patching C:\Qt\6.6.3\msvc2019_64\lib\Qt6NetworkAuthd.prl
2026-08-17 15:16:12,877 - aqt.updater - INFO - updater 34628 Patching C:\Qt\6.6.3\msvc2019_64\lib\Qt6Networkd.prl
2026-08-17 15:16:12,877 - aqt.updater - INFO - updater 34628 Patching C:\Qt\6.6.3\msvc2019_64\lib\Qt6OpenGL.prl
2026-08-17 15:16:12,878 - aqt.updater - INFO - updater 34628 Patching C:\Qt\6.6.3\msvc2019_64\lib\Qt6OpenGLd.prl
2026-08-17 15:16:12,879 - aqt.updater - INFO - updater 34628 Patching C:\Qt\6.6.3\msvc2019_64\lib\Qt6OpenGLWidgets.prl
2026-08-17 15:16:12,879 - aqt.updater - INFO - updater 34628 Patching C:\Qt\6.6.3\msvc2019_64\lib\Qt6OpenGLWidgetsd.prl
2026-08-17 15:16:12,880 - aqt.updater - INFO - updater 34628 Patching C:\Qt\6.6.3\msvc2019_64\lib\Qt6PacketProtocol.prl
2026-08-17 15:16:12,881 - aqt.updater - INFO - updater 34628 Patching C:\Qt\6.6.3\msvc2019_64\lib\Qt6PacketProtocold.prl
2026-08-17 15:16:12,882 - aqt.updater - INFO - updater 34628 Patching C:\Qt\6.6.3\msvc2019_64\lib\Qt6PrintSupport.prl
2026-08-17 15:16:12,882 - aqt.updater - INFO - updater 34628 Patching C:\Qt\6.6.3\msvc2019_64\lib\Qt6PrintSupportd.prl
2026-08-17 15:16:12,883 - aqt.updater - INFO - updater 34628 Patching C:\Qt\6.6.3\msvc2019_64\lib\Qt6Qml.prl
2026-08-17 15:16:12,884 - aqt.updater - INFO - updater 34628 Patching C:\Qt\6.6.3\msvc2019_64\lib\Qt6QmlCompiler.prl
2026-08-17 15:16:12,884 - aqt.updater - INFO - updater 34628 Patching C:\Qt\6.6.3\msvc2019_64\lib\Qt6QmlCompilerd.prl
2026-08-17 15:16:12,885 - aqt.updater - INFO - updater 34628 Patching C:\Qt\6.6.3\msvc2019_64\lib\Qt6QmlCore.prl
2026-08-17 15:16:12,885 - aqt.updater - INFO - updater 34628 Patching C:\Qt\6.6.3\msvc2019_64\lib\Qt6QmlCored.prl
2026-08-17 15:16:12,886 - aqt.updater - INFO - updater 34628 Patching C:\Qt\6.6.3\msvc2019_64\lib\Qt6Qmld.prl
2026-08-17 15:16:12,887 - aqt.updater - INFO - updater 34628 Patching C:\Qt\6.6.3\msvc2019_64\lib\Qt6QmlDebug.prl
2026-08-17 15:16:12,888 - aqt.updater - INFO - updater 34628 Patching C:\Qt\6.6.3\msvc2019_64\lib\Qt6QmlDebugd.prl
2026-08-17 15:16:12,888 - aqt.updater - INFO - updater 34628 Patching C:\Qt\6.6.3\msvc2019_64\lib\Qt6QmlDom.prl
2026-08-17 15:16:12,889 - aqt.updater - INFO - updater 34628 Patching C:\Qt\6.6.3\msvc2019_64\lib\Qt6QmlDomd.prl
2026-08-17 15:16:12,890 - aqt.updater - INFO - updater 34628 Patching C:\Qt\6.6.3\msvc2019_64\lib\Qt6QmlLocalStorage.prl
2026-08-17 15:16:12,890 - aqt.updater - INFO - updater 34628 Patching C:\Qt\6.6.3\msvc2019_64\lib\Qt6QmlLocalStoraged.prl
2026-08-17 15:16:12,891 - aqt.updater - INFO - updater 34628 Patching C:\Qt\6.6.3\msvc2019_64\lib\Qt6QmlLS.prl
2026-08-17 15:16:12,891 - aqt.updater - INFO - updater 34628 Patching C:\Qt\6.6.3\msvc2019_64\lib\Qt6QmlLSd.prl
2026-08-17 15:16:12,892 - aqt.updater - INFO - updater 34628 Patching C:\Qt\6.6.3\msvc2019_64\lib\Qt6QmlModels.prl
2026-08-17 15:16:12,893 - aqt.updater - INFO - updater 34628 Patching C:\Qt\6.6.3\msvc2019_64\lib\Qt6QmlModelsd.prl
2026-08-17 15:16:12,894 - aqt.updater - INFO - updater 34628 Patching C:\Qt\6.6.3\msvc2019_64\lib\Qt6QmlToolingSettings.prl
2026-08-17 15:16:12,894 - aqt.updater - INFO - updater 34628 Patching C:\Qt\6.6.3\msvc2019_64\lib\Qt6QmlToolingSettingsd.prl
2026-08-17 15:16:12,895 - aqt.updater - INFO - updater 34628 Patching C:\Qt\6.6.3\msvc2019_64\lib\Qt6QmlTypeRegistrar.prl
2026-08-17 15:16:12,895 - aqt.updater - INFO - updater 34628 Patching C:\Qt\6.6.3\msvc2019_64\lib\Qt6QmlTypeRegistrard.prl
2026-08-17 15:16:12,896 - aqt.updater - INFO - updater 34628 Patching C:\Qt\6.6.3\msvc2019_64\lib\Qt6QmlWorkerScript.prl
2026-08-17 15:16:12,897 - aqt.updater - INFO - updater 34628 Patching C:\Qt\6.6.3\msvc2019_64\lib\Qt6QmlWorkerScriptd.prl
2026-08-17 15:16:12,898 - aqt.updater - INFO - updater 34628 Patching C:\Qt\6.6.3\msvc2019_64\lib\Qt6QmlXmlListModel.prl
2026-08-17 15:16:12,899 - aqt.updater - INFO - updater 34628 Patching C:\Qt\6.6.3\msvc2019_64\lib\Qt6QmlXmlListModeld.prl
2026-08-17 15:16:12,899 - aqt.updater - INFO - updater 34628 Patching C:\Qt\6.6.3\msvc2019_64\lib\Qt6Quick.prl
2026-08-17 15:16:12,900 - aqt.updater - INFO - updater 34628 Patching C:\Qt\6.6.3\msvc2019_64\lib\Qt6QuickControls2.prl
2026-08-17 15:16:12,900 - aqt.updater - INFO - updater 34628 Patching C:\Qt\6.6.3\msvc2019_64\lib\Qt6QuickControls2Basic.prl
2026-08-17 15:16:12,901 - aqt.updater - INFO - updater 34628 Patching C:\Qt\6.6.3\msvc2019_64\lib\Qt6QuickControls2Basicd.prl
2026-08-17 15:16:12,902 - aqt.updater - INFO - updater 34628 Patching C:\Qt\6.6.3\msvc2019_64\lib\Qt6QuickControls2BasicStyleImpl.prl
2026-08-17 15:16:12,902 - aqt.updater - INFO - updater 34628 Patching C:\Qt\6.6.3\msvc2019_64\lib\Qt6QuickControls2BasicStyleImpld.prl
2026-08-17 15:16:12,903 - aqt.updater - INFO - updater 34628 Patching C:\Qt\6.6.3\msvc2019_64\lib\Qt6QuickControls2d.prl
2026-08-17 15:16:12,904 - aqt.updater - INFO - updater 34628 Patching C:\Qt\6.6.3\msvc2019_64\lib\Qt6QuickControls2Fusion.prl
2026-08-17 15:16:12,905 - aqt.updater - INFO - updater 34628 Patching C:\Qt\6.6.3\msvc2019_64\lib\Qt6QuickControls2Fusiond.prl
2026-08-17 15:16:12,905 - aqt.updater - INFO - updater 34628 Patching C:\Qt\6.6.3\msvc2019_64\lib\Qt6QuickControls2FusionStyleImpl.prl
2026-08-17 15:16:12,906 - aqt.updater - INFO - updater 34628 Patching C:\Qt\6.6.3\msvc2019_64\lib\Qt6QuickControls2FusionStyleImpld.prl
2026-08-17 15:16:12,907 - aqt.updater - INFO - updater 34628 Patching C:\Qt\6.6.3\msvc2019_64\lib\Qt6QuickControls2Imagine.prl
2026-08-17 15:16:12,907 - aqt.updater - INFO - updater 34628 Patching C:\Qt\6.6.3\msvc2019_64\lib\Qt6QuickControls2Imagined.prl
2026-08-17 15:16:12,908 - aqt.updater - INFO - updater 34628 Patching C:\Qt\6.6.3\msvc2019_64\lib\Qt6QuickControls2ImagineStyleImpl.prl
2026-08-17 15:16:12,909 - aqt.updater - INFO - updater 34628 Patching C:\Qt\6.6.3\msvc2019_64\lib\Qt6QuickControls2ImagineStyleImpld.prl
2026-08-17 15:16:12,910 - aqt.updater - INFO - updater 34628 Patching C:\Qt\6.6.3\msvc2019_64\lib\Qt6QuickControls2Impl.prl
2026-08-17 15:16:12,910 - aqt.updater - INFO - updater 34628 Patching C:\Qt\6.6.3\msvc2019_64\lib\Qt6QuickControls2Impld.prl
2026-08-17 15:16:12,911 - aqt.updater - INFO - updater 34628 Patching C:\Qt\6.6.3\msvc2019_64\lib\Qt6QuickControls2Material.prl
2026-08-17 15:16:12,912 - aqt.updater - INFO - updater 34628 Patching C:\Qt\6.6.3\msvc2019_64\lib\Qt6QuickControls2Materiald.prl
2026-08-17 15:16:12,912 - aqt.updater - INFO - updater 34628 Patching C:\Qt\6.6.3\msvc2019_64\lib\Qt6QuickControls2MaterialStyleImpl.prl
2026-08-17 15:16:12,913 - aqt.updater - INFO - updater 34628 Patching C:\Qt\6.6.3\msvc2019_64\lib\Qt6QuickControls2MaterialStyleImpld.prl
2026-08-17 15:16:12,913 - aqt.updater - INFO - updater 34628 Patching C:\Qt\6.6.3\msvc2019_64\lib\Qt6QuickControls2Universal.prl
2026-08-17 15:16:12,914 - aqt.updater - INFO - updater 34628 Patching C:\Qt\6.6.3\msvc2019_64\lib\Qt6QuickControls2Universald.prl
2026-08-17 15:16:12,915 - aqt.updater - INFO - updater 34628 Patching C:\Qt\6.6.3\msvc2019_64\lib\Qt6QuickControls2UniversalStyleImpl.prl
2026-08-17 15:16:12,916 - aqt.updater - INFO - updater 34628 Patching C:\Qt\6.6.3\msvc2019_64\lib\Qt6QuickControls2UniversalStyleImpld.prl
2026-08-17 15:16:12,916 - aqt.updater - INFO - updater 34628 Patching C:\Qt\6.6.3\msvc2019_64\lib\Qt6QuickControlsTestUtils.prl
2026-08-17 15:16:12,917 - aqt.updater - INFO - updater 34628 Patching C:\Qt\6.6.3\msvc2019_64\lib\Qt6QuickControlsTestUtilsd.prl
2026-08-17 15:16:12,918 - aqt.updater - INFO - updater 34628 Patching C:\Qt\6.6.3\msvc2019_64\lib\Qt6Quickd.prl
2026-08-17 15:16:12,918 - aqt.updater - INFO - updater 34628 Patching C:\Qt\6.6.3\msvc2019_64\lib\Qt6QuickDialogs2.prl
2026-08-17 15:16:12,919 - aqt.updater - INFO - updater 34628 Patching C:\Qt\6.6.3\msvc2019_64\lib\Qt6QuickDialogs2d.prl
2026-08-17 15:16:12,920 - aqt.updater - INFO - updater 34628 Patching C:\Qt\6.6.3\msvc2019_64\lib\Qt6QuickDialogs2QuickImpl.prl
2026-08-17 15:16:12,920 - aqt.updater - INFO - updater 34628 Patching C:\Qt\6.6.3\msvc2019_64\lib\Qt6QuickDialogs2QuickImpld.prl
2026-08-17 15:16:12,921 - aqt.updater - INFO - updater 34628 Patching C:\Qt\6.6.3\msvc2019_64\lib\Qt6QuickDialogs2Utils.prl
2026-08-17 15:16:12,922 - aqt.updater - INFO - updater 34628 Patching C:\Qt\6.6.3\msvc2019_64\lib\Qt6QuickDialogs2Utilsd.prl
2026-08-17 15:16:12,922 - aqt.updater - INFO - updater 34628 Patching C:\Qt\6.6.3\msvc2019_64\lib\Qt6QuickEffects.prl
2026-08-17 15:16:12,923 - aqt.updater - INFO - updater 34628 Patching C:\Qt\6.6.3\msvc2019_64\lib\Qt6QuickEffectsd.prl
2026-08-17 15:16:12,924 - aqt.updater - INFO - updater 34628 Patching C:\Qt\6.6.3\msvc2019_64\lib\Qt6QuickLayouts.prl
2026-08-17 15:16:12,924 - aqt.updater - INFO - updater 34628 Patching C:\Qt\6.6.3\msvc2019_64\lib\Qt6QuickLayoutsd.prl
2026-08-17 15:16:12,925 - aqt.updater - INFO - updater 34628 Patching C:\Qt\6.6.3\msvc2019_64\lib\Qt6QuickParticles.prl
2026-08-17 15:16:12,925 - aqt.updater - INFO - updater 34628 Patching C:\Qt\6.6.3\msvc2019_64\lib\Qt6QuickParticlesd.prl
2026-08-17 15:16:12,926 - aqt.updater - INFO - updater 34628 Patching C:\Qt\6.6.3\msvc2019_64\lib\Qt6QuickShapes.prl
2026-08-17 15:16:12,927 - aqt.updater - INFO - updater 34628 Patching C:\Qt\6.6.3\msvc2019_64\lib\Qt6QuickShapesd.prl
2026-08-17 15:16:12,927 - aqt.updater - INFO - updater 34628 Patching C:\Qt\6.6.3\msvc2019_64\lib\Qt6QuickTemplates2.prl
2026-08-17 15:16:12,928 - aqt.updater - INFO - updater 34628 Patching C:\Qt\6.6.3\msvc2019_64\lib\Qt6QuickTemplates2d.prl
2026-08-17 15:16:12,929 - aqt.updater - INFO - updater 34628 Patching C:\Qt\6.6.3\msvc2019_64\lib\Qt6QuickTest.prl
2026-08-17 15:16:12,929 - aqt.updater - INFO - updater 34628 Patching C:\Qt\6.6.3\msvc2019_64\lib\Qt6QuickTestd.prl
2026-08-17 15:16:12,930 - aqt.updater - INFO - updater 34628 Patching C:\Qt\6.6.3\msvc2019_64\lib\Qt6QuickTestUtils.prl
2026-08-17 15:16:12,930 - aqt.updater - INFO - updater 34628 Patching C:\Qt\6.6.3\msvc2019_64\lib\Qt6QuickTestUtilsd.prl
2026-08-17 15:16:12,931 - aqt.updater - INFO - updater 34628 Patching C:\Qt\6.6.3\msvc2019_64\lib\Qt6QuickWidgets.prl
2026-08-17 15:16:12,931 - aqt.updater - INFO - updater 34628 Patching C:\Qt\6.6.3\msvc2019_64\lib\Qt6QuickWidgetsd.prl
2026-08-17 15:16:12,933 - aqt.updater - INFO - updater 34628 Patching C:\Qt\6.6.3\msvc2019_64\lib\Qt6Sql.prl
2026-08-17 15:16:12,934 - aqt.updater - INFO - updater 34628 Patching C:\Qt\6.6.3\msvc2019_64\lib\Qt6Sqld.prl
2026-08-17 15:16:12,934 - aqt.updater - INFO - updater 34628 Patching C:\Qt\6.6.3\msvc2019_64\lib\Qt6Svg.prl
2026-08-17 15:16:12,935 - aqt.updater - INFO - updater 34628 Patching C:\Qt\6.6.3\msvc2019_64\lib\Qt6Svgd.prl
2026-08-17 15:16:12,935 - aqt.updater - INFO - updater 34628 Patching C:\Qt\6.6.3\msvc2019_64\lib\Qt6SvgWidgets.prl
2026-08-17 15:16:12,936 - aqt.updater - INFO - updater 34628 Patching C:\Qt\6.6.3\msvc2019_64\lib\Qt6SvgWidgetsd.prl
2026-08-17 15:16:12,937 - aqt.updater - INFO - updater 34628 Patching C:\Qt\6.6.3\msvc2019_64\lib\Qt6Test.prl
2026-08-17 15:16:12,937 - aqt.updater - INFO - updater 34628 Patching C:\Qt\6.6.3\msvc2019_64\lib\Qt6Testd.prl
2026-08-17 15:16:12,938 - aqt.updater - INFO - updater 34628 Patching C:\Qt\6.6.3\msvc2019_64\lib\Qt6UiTools.prl
2026-08-17 15:16:12,939 - aqt.updater - INFO - updater 34628 Patching C:\Qt\6.6.3\msvc2019_64\lib\Qt6UiToolsd.prl
2026-08-17 15:16:12,939 - aqt.updater - INFO - updater 34628 Patching C:\Qt\6.6.3\msvc2019_64\lib\Qt6Widgets.prl
2026-08-17 15:16:12,940 - aqt.updater - INFO - updater 34628 Patching C:\Qt\6.6.3\msvc2019_64\lib\Qt6Widgetsd.prl
2026-08-17 15:16:12,941 - aqt.updater - INFO - updater 34628 Patching C:\Qt\6.6.3\msvc2019_64\lib\Qt6Xml.prl
2026-08-17 15:16:12,941 - aqt.updater - INFO - updater 34628 Patching C:\Qt\6.6.3\msvc2019_64\lib\Qt6Xmld.prl
2026-08-17 15:16:12,942 - aqt.main - INFO - installer 34628 Finished installation
2026-08-17 15:16:12,942 - aqt.main - INFO - installer 34628 Time elapsed: 25.96274280 second
